// Jest Snapshot v1, https://goo.gl/fbAQLP

exports[`Profile section must render a list 1`] = `
Object {
  "asFragment": [Function],
  "baseElement": <body>
    <div className="container">
      <div>
        <h1 className="head-text">My Missions</h1>
        <table className="tour_list">
          <tbody className="tour_body" />
        </table>
      </div>
      <div className="profile">
        <div className="rockets">
          <h1>My Rockets</h1>
          <table className="tour-now tour">
            <td>No Reservations Made...</td>
            <td><Link className="reserveRocketsLink" to="/">Make a Reservation</Link></td>
          </table>
          <div className="activeRockets">
            <ul>
              <li key=""></li>
            </ul>
          </div>
        </div>
      </div>
    </div>
    </body>,
  "container": <div>
    <div>
      <h1 className="head-text">My Missions</h1>
      <table className="tour_list">
        <tbody className="tour_body" />
      </table>
    </div>
    <div className="profile">
      <div className="rockets">
        <h1>My Rockets</h1>
        <table className="tour-now tour">
          <td>No Reservations Made...</td>
          <td><Link className="reserveRocketsLink" to="/">Make a Reservation</Link></td>
        </table>
        <div className="activeRockets">
          <ul>
            <li key=""></li>
          </ul>
        </div>
      </div>
    </div>
  </div>,
  "debug": [Function],
  "findAllByAltText": [Function],
  "findAllByDisplayValue": [Function],
  "findAllByLabelText": [Function],
  "findAllByPlaceholderText": [Function],
  "findAllByRole": [Function],
  "findAllByTestId": [Function],
  "findAllByText": [Function],
  "findAllByTitle": [Function],
  "findByAltText": [Function],
  "findByDisplayValue": [Function],
  "findByLabelText": [Function],
  "findByPlaceholderText": [Function],
  "findByRole": [Function],
  "findByTestId": [Function],
  "findByText": [Function],
  "findByTitle": [Function],
  "getAllByAltText": [Function],
  "getAllByDisplayValue": [Function],
  "getAllByLabelText": [Function],
  "getAllByPlaceholderText": [Function],
  "getAllByRole": [Function],
  "getAllByTestId": [Function],
  "getAllByText": [Function],
  "getAllByTitle": [Function],
  "getByAltText": [Function],
  "getByDisplayValue": [Function],
  "getByLabelText": [Function],
  "getByPlaceholderText": [Function],
  "getByRole": [Function],
  "getByTestId": [Function],
  "getByText": [Function],
  "getByTitle": [Function],
  "queryAllByAltText": [Function],
  "queryAllByDisplayValue": [Function],
  "queryAllByLabelText": [Function],
  "queryAllByPlaceholderText": [Function],
  "queryAllByRole": [Function],
  "queryAllByTestId": [Function],
  "queryAllByText": [Function],
  "queryAllByTitle": [Function],
  "queryByAltText": [Function],
  "queryByDisplayValue": [Function],
  "queryByLabelText": [Function],
  "queryByPlaceholderText": [Function],
  "queryByRole": [Function],
  "queryByTestId": [Function],
  "queryByText": [Function],
  "queryByTitle": [Function],
  "rerender": [Function],
  "unmount": [Function],
}
`;
